

================================================================
== Synthesis Summary Report of 'PSDMonitorTop'
================================================================
+ General Information: 
    * Date:           Mon Apr 20 16:09:50 2026
    * Version:        2024.1 (Build 5069499 on May 21 2024)
    * Project:        PSDMonitorTop
    * Solution:       hls (Vivado IP Flow Target)
    * Product family: zynq
    * Target device:  xc7z010-clg400-1
    

+ Performance & Resource Estimates: 
    
    PS: '+' for module; 'o' for loop; '*' for dataflow
    +-------------------------------------------+------+------+---------+--------+----------+---------+------+----------+---------+----+-----------+-----------+-----+
    |                  Modules                  | Issue|      | Latency | Latency| Iteration|         | Trip |          |         |    |           |           |     |
    |                  & Loops                  | Type | Slack| (cycles)|  (ns)  |  Latency | Interval| Count| Pipelined|  BRAM   | DSP|     FF    |    LUT    | URAM|
    +-------------------------------------------+------+------+---------+--------+----------+---------+------+----------+---------+----+-----------+-----------+-----+
    |+ PSDMonitorTop                            |     -|  0.00|        -|       -|         -|        -|     -|        no|  1 (~0%)|   -|  1400 (3%)|  1509 (8%)|    -|
    | + PSDMonitorTop_Pipeline_VITIS_LOOP_27_1  |     -|  0.00|        -|       -|         -|        -|     -|        no|        -|   -|   432 (1%)|   473 (2%)|    -|
    |  o VITIS_LOOP_27_1                        |     -|  5.84|        -|       -|         9|        1|     -|       yes|        -|   -|          -|          -|    -|
    +-------------------------------------------+------+------+---------+--------+----------+---------+------+----------+---------+----+-----------+-----------+-----+


================================================================
== HW Interfaces
================================================================
* M_AXI
+------------+------------+------------+---------------+---------+--------+----------+-----------+--------------+--------------+-------------+-------------+-------------------+
| Interface  | Read/Write | Data Width | Address Width | Latency | Offset | Register | Max Widen | Max Read     | Max Write    | Num Read    | Num Write   | Resource Estimate |
|            |            | (SW->HW)   |               |         |        |          | Bitwidth  | Burst Length | Burst Length | Outstanding | Outstanding |                   |
+------------+------------+------------+---------------+---------+--------+----------+-----------+--------------+--------------+-------------+-------------+-------------------+
| m_axi_gmem | WRITE_ONLY | 16 -> 16   | 64            | 0       | slave  | 0        | 0         | 16           | 16           | 16          | 16          | BRAM=1            |
+------------+------------+------------+---------------+---------+--------+----------+-----------+--------------+--------------+-------------+-------------+-------------------+

* S_AXILITE Interfaces
+------------+------------+---------------+--------+----------+
| Interface  | Data Width | Address Width | Offset | Register |
+------------+------------+---------------+--------+----------+
| s_axi_CTRL | 32         | 6             | 16     | 0        |
+------------+------------+---------------+--------+----------+

* S_AXILITE Registers
+------------+--------------+--------+-------+--------+----------------------------------+----------------------------------------------------------------------+
| Interface  | Register     | Offset | Width | Access | Description                      | Bit Fields                                                           |
+------------+--------------+--------+-------+--------+----------------------------------+----------------------------------------------------------------------+
| s_axi_CTRL | CTRL         | 0x00   | 32    | RW     | Control signals                  | 0=AP_START 1=AP_DONE 2=AP_IDLE 3=AP_READY 7=AUTO_RESTART 9=INTERRUPT |
| s_axi_CTRL | GIER         | 0x04   | 32    | RW     | Global Interrupt Enable Register | 0=Enable                                                             |
| s_axi_CTRL | IP_IER       | 0x08   | 32    | RW     | IP Interrupt Enable Register     | 0=CHAN0_INT_EN 1=CHAN1_INT_EN                                        |
| s_axi_CTRL | IP_ISR       | 0x0c   | 32    | RW     | IP Interrupt Status Register     | 0=CHAN0_INT_ST 1=CHAN1_INT_ST                                        |
| s_axi_CTRL | ram_buffer_1 | 0x10   | 32    | W      | Data signal of ram_buffer        |                                                                      |
| s_axi_CTRL | ram_buffer_2 | 0x14   | 32    | W      | Data signal of ram_buffer        |                                                                      |
| s_axi_CTRL | max_samples  | 0x1c   | 32    | W      | Data signal of max_samples       |                                                                      |
+------------+--------------+--------+-------+--------+----------------------------------+----------------------------------------------------------------------+

* AXIS
+-----------+-----------+---------------+-------+-------+-------+--------+-------+--------+
| Interface | Direction | Register Mode | TDATA | TKEEP | TLAST | TREADY | TSTRB | TVALID |
+-----------+-----------+---------------+-------+-------+-------+--------+-------+--------+
| adc_in    | in        | both          | 32    | 4     | 1     | 1      | 4     | 1      |
+-----------+-----------+---------------+-------+-------+-------+--------+-------+--------+

* TOP LEVEL CONTROL
+-----------+------------+-----------+
| Interface | Type       | Ports     |
+-----------+------------+-----------+
| ap_clk    | clock      | ap_clk    |
| ap_rst_n  | reset      | ap_rst_n  |
| interrupt | interrupt  | interrupt |
| ap_ctrl   | ap_ctrl_hs |           |
+-----------+------------+-----------+


================================================================
== SW I/O Information
================================================================
* Top Function Arguments
+-------------+-----------+---------------------------------------------------------+
| Argument    | Direction | Datatype                                                |
+-------------+-----------+---------------------------------------------------------+
| adc_in      | in        | stream<hls::axis<ap_uint<32>, 0, 0, 0, '8', false>, 0>& |
| ram_buffer  | out       | ap_int<16>*                                             |
| max_samples | in        | unsigned int                                            |
+-------------+-----------+---------------------------------------------------------+

* SW-to-HW Mapping
+-------------+--------------+-----------+----------+----------------------------------------+
| Argument    | HW Interface | HW Type   | HW Usage | HW Info                                |
+-------------+--------------+-----------+----------+----------------------------------------+
| adc_in      | adc_in       | interface |          |                                        |
| ram_buffer  | m_axi_gmem   | interface |          | channel=0                              |
| ram_buffer  | s_axi_CTRL   | register  | offset   | name=ram_buffer_1 offset=0x10 range=32 |
| ram_buffer  | s_axi_CTRL   | register  | offset   | name=ram_buffer_2 offset=0x14 range=32 |
| max_samples | s_axi_CTRL   | register  |          | name=max_samples offset=0x1c range=32  |
+-------------+--------------+-----------+----------+----------------------------------------+


================================================================
== M_AXI Burst Information
================================================================
 Note: All burst requests might be further partitioned into multiple requests during RTL generation based on max_read_burst_length or max_write_burst_length settings.


================================================================
== Bind Op Report
================================================================
+-------------------------------------------+-----+--------+-----------+-------+--------+---------+
| Name                                      | DSP | Pragma | Variable  | Op    | Impl   | Latency |
+-------------------------------------------+-----+--------+-----------+-------+--------+---------+
| + PSDMonitorTop                           | 0   |        |           |       |        |         |
|  + PSDMonitorTop_Pipeline_VITIS_LOOP_27_1 | 0   |        |           |       |        |         |
|    icmp_ln27_fu_219_p2                    |     |        | icmp_ln27 | setlt | auto   | 0       |
|    add_ln38_fu_313_p2                     |     |        | add_ln38  | add   | fabric | 0       |
|    add_ln41_fu_332_p2                     |     |        | add_ln41  | add   | fabric | 0       |
|    icmp_ln43_fu_241_p2                    |     |        | icmp_ln43 | seteq | auto   | 0       |
|    add_ln54_fu_247_p2                     |     |        | add_ln54  | add   | fabric | 0       |
|    add_ln47_fu_266_p2                     |     |        | add_ln47  | add   | fabric | 0       |
|    mem_idx_3_fu_292_p2                    |     |        | mem_idx_3 | add   | fabric | 0       |
+-------------------------------------------+-----+--------+-----------+-------+--------+---------+


================================================================
== Storage Report
================================================================
+-----------------+-----------+-----------+------+------+--------+----------+------+---------+------------------+
| Name            | Usage     | Type      | BRAM | URAM | Pragma | Variable | Impl | Latency | Bitwidth, Depth, |
|                 |           |           |      |      |        |          |      |         | Banks            |
+-----------------+-----------+-----------+------+------+--------+----------+------+---------+------------------+
| + PSDMonitorTop |           |           | 1    | 0    |        |          |      |         |                  |
|   CTRL_s_axi_U  | interface | s_axilite |      |      |        |          |      |         |                  |
|   gmem_m_axi_U  | interface | m_axi     | 1    |      |        |          |      |         |                  |
+-----------------+-----------+-----------+------+------+--------+----------+------+---------+------------------+


================================================================
== Pragma Report
================================================================
* Valid Pragma Syntax
+-----------+--------------------------------------------------------------+-------------------------------------------------+
| Type      | Options                                                      | Location                                        |
+-----------+--------------------------------------------------------------+-------------------------------------------------+
| interface | axis port=adc_in                                             | PSDMonitor.cpp:15 in psdmonitortop, adc_in      |
| interface | m_axi port=ram_buffer offset=slave bundle=gmem depth=2000000 | PSDMonitor.cpp:16 in psdmonitortop, ram_buffer  |
| interface | s_axilite port=ram_buffer bundle=CTRL                        | PSDMonitor.cpp:18 in psdmonitortop, ram_buffer  |
| interface | s_axilite port=max_samples bundle=CTRL                       | PSDMonitor.cpp:19 in psdmonitortop, max_samples |
| interface | s_axilite port=return bundle=CTRL                            | PSDMonitor.cpp:21 in psdmonitortop, return      |
| pipeline  | II=1                                                         | PSDMonitor.cpp:28 in psdmonitortop              |
+-----------+--------------------------------------------------------------+-------------------------------------------------+


